[vickie.local/index.html]
[vickie.local/wp-content/themes/g5plus-auteur/assets/images/favicon.ico]
[backblue.gif]
[fade.gif]
[index.html]
[vickie.local/wp-content/plugins/the-events-calendar/common/src/resources/css/common-skeleton.minef5f.css]
[vickie.local/wp-content/plugins/the-events-calendar/common/src/resources/css/tooltip.minef5f.css]
[vickie.local/wp-includes/css/dist/block-library/style.min24b2.css]
[vickie.local/wp-includes/css/dist/block-library/theme.min24b2.css]
[vickie.local/wp-content/plugins/woocommerce/packages/woocommerce-blocks/build/vendors-stylede39.css]
[vickie.local/feed/index.html]
[vickie.local/wp-content/plugins/woocommerce/packages/woocommerce-blocks/build/stylede39.css]
[vickie.local/wp-content/plugins/yith-woocommerce-wishlist/assets/css/jquery.selectBox7359.css]
[vickie.local/comments/feed/index.html]
[vickie.local/wp-content/plugins/yith-woocommerce-wishlist/assets/css/font-awesome.min1849.css]
[vickie.local/events/indexedf3.html]
[vickie.local/wp-content/plugins/yith-woocommerce-wishlist/assets/css/style9b4a.css]
[vickie.local/wp-content/plugins/auteur-framework/assets/css/admin-bar.min62ea.css]
[vickie.local/wp-content/plugins/auteur-framework/libs/smart-framework/assets/vendors/font-awesome/css/fontawesome0e7d.css]
[vickie.local/wp-content/plugins/auteur-framework/core/xmenu/assets/css/animate.min9d52.css]
[vickie.local/wp-content/plugins/contact-form-7/includes/css/styles7752.css]
[vickie.local/wp-content/plugins/g5plus-post-like/assets/vendors/ladda/ladda-themeless.min97de.css]
[vickie.local/wp-includes/css/dashicons.min24b2.css]
[vickie.local/wp-content/plugins/post-views-counter/css/frontend9e1e.css]
[vickie.local/wp-content/plugins/revslider/public/assets/css/settings84f5.css]
[vickie.local/wp-content/plugins/woocommerce/assets/css/woocommerce-layout7035.css]
[vickie.local/wp-content/plugins/woocommerce/assets/css/woocommerce-smallscreen7035.css]
[vickie.local/wp-content/plugins/woocommerce/assets/css/woocommerce7035.css]
[vickie.local/wp-content/plugins/yith-woocommerce-compare/assets/css/colorbox24b2.css]
[vickie.local/wp-content/plugins/woocommerce/assets/css/prettyPhoto24b2.css]
[vickie.local/wp-content/plugins/js_composer/assets/css/js_composer.min40df.css]
[vickie.local/wp-content/themes/g5plus-auteur/assets/vendors/bootstrap-4.0.0/css/bootstrap.mincce7.css]
[vickie.local/wp-content/themes/g5plus-auteur/assets/vendors/bootstrap-4.0.0/css/custom-bootstrap.mincce7.css]
[vickie.local/wp-content/themes/g5plus-auteur/assets/vendors/owl.carousel/assets/owl.carousel.min3601.css]
[vickie.local/wp-content/themes/g5plus-auteur/assets/vendors/owl.carousel/assets/owl.theme.default.min3601.css]
[vickie.local/wp-content/plugins/auteur-framework/libs/smart-framework/assets/vendors/perfect-scrollbar/css/perfect-scrollbar.min4991.css]
[vickie.local/wp-content/themes/g5plus-auteur/assets/css/animate.min5152.css]
[vickie.local/wp-content/themes/g5plus-auteur/assets/vendors/slick/css/slick.min24b2.css]
[vickie.local/wp-content/themes/g5plus-auteur/assets/preset/preset-03.min24b2.css]
[vickie.local/wp-content/themes/g5plus-auteur/assets/images/diagonal-stripes.png]
[vickie.local/wp-content/themes/g5plus-auteur/assets/images/diagonal-stripes-01.png]
[vickie.local/wp-includes/js/jquery/jquery4a5f.js]
[vickie.local/wp-content/plugins/revslider/public/assets/js/jquery.themepunch.revolution.min84f5.js]
[vickie.local/wp-content/plugins/woocommerce/assets/js/jquery-blockui/jquery.blockUI.min44fd.js]
[vickie.local/wp-content/plugins/woocommerce/assets/js/frontend/add-to-cart.min7035.js]
[vickie.local/wp-content/plugins/js_composer/assets/js/vendors/woocommerce-add-to-cart40df.js]
[vickie.local/wp-json/wp/v2/pages/1746.json]
[vickie.local/xmlrpc0db0.php]
[vickie.local/wp-includes/wlwmanifest.xml]
[vickie.local/wp-json/index.html]
[vickie.local/wp-json/oembed/1.0/embeda1b7.json]
[vickie.local/wp-json/oembed/1.0/embed6425]
[ajax.googleapis.com/ajax/libs/jquery/3.3.1/jquery.min.js]
[vickie.local/wp-content/uploads/2019/02/aubg70b3.jpg]
[vickie.local/wp-content/uploads/2019/03/logolight.png]
[vickie.local/wp-content/uploads/2019/03/logodark.png]
[vickie.local/wp-json/tribe/events/v1/index.html]
[vickie.local/cart/index.html]
[vickie.local/my-account/index.html]
[vickie.local/wp-content/uploads/2018/12/book-1-370x570.png]
[vickie.local/wp-content/uploads/2018/12/book-1-330x462.png]
[vickie.local/wp-content/uploads/2018/11/book-2-1-330x462.png]
[vickie.local/wp-content/uploads/2018/11/single-image-05.png]
[vickie.local/product/henry-the-good-dog/index.html]
[vickie.local/wp-content/uploads/2019/02/au-1-370x570.png]
[vickie.local/wp-content/uploads/2019/03/logodark-300x169.png]
[vickie.local/indexa5e1.html]
[vickie.local/wp-content/themes/g5plus-auteur/assets/skin/skin-dark.min24b2.css]
[vickie.local/product/a-poem-for-every-night/index.html]
[vickie.local/wp-content/plugins/auteur-framework/shortcodes/heading/assets/css/heading.min62ea.css]
[vickie.local/wp-content/plugins/auteur-framework/shortcodes/testimonials/assets/css/testimonials.min62ea.css]
[vickie.local/wp-content/plugins/woocommerce/assets/css/photoswipe/photoswipe.min7035.css]
[vickie.local/wp-content/plugins/woocommerce/assets/css/photoswipe/default-skin/default-skin.min7035.css]
[vickie.local/wp-content/plugins/yith-woocommerce-wishlist/assets/js/jquery.selectBox.min7359.js]
[vickie.local/wp-content/plugins/yith-woocommerce-wishlist/assets/js/jquery.yith-wcwl9b4a.js]
[vickie.local/wp-content/plugins/auteur-framework/core/xmenu/assets/js/xmenu.min62ea.js]
[vickie.local/wp-content/plugins/contact-form-7/includes/js/scripts7752.js]
[vickie.local/wp-content/plugins/g5plus-post-like/assets/vendors/ladda/spin.min97de.js]
[vickie.local/wp-content/plugins/g5plus-post-like/assets/vendors/ladda/ladda.min97de.js]
[vickie.local/wp-content/plugins/g5plus-post-like/assets/vendors/ladda/ladda.jquery.min97de.js]
[vickie.local/wp-content/plugins/g5plus-post-like/assets/js/main.min5152.js]
[vickie.local/wp-content/plugins/woocommerce/assets/js/js-cookie/js.cookie.min6b25.js]
[vickie.local/wp-content/plugins/woocommerce/assets/js/frontend/woocommerce.min7035.js]
[vickie.local/wp-content/plugins/woocommerce/assets/js/frontend/cart-fragments.min7035.js]
[vickie.local/wp-content/plugins/yith-woocommerce-compare/assets/js/woocompare.min9e07.js]
[vickie.local/wp-content/plugins/yith-woocommerce-compare/assets/js/jquery.colorbox-min13ac.js]
[vickie.local/wp-content/plugins/woocommerce/assets/js/prettyPhoto/jquery.prettyPhoto.min005e.js]
[vickie.local/wp-content/themes/g5plus-auteur/assets/vendors/modernizr/modernizr3b71.js]
[vickie.local/wp-includes/js/imagesloaded.mineda1.js]
[vickie.local/wp-content/themes/g5plus-auteur/assets/vendors/jquery.easing/jquery.easing.1.34e44.js]
[vickie.local/wp-content/themes/g5plus-auteur/assets/vendors/jquery.countdown/jquery.countdown.min3601.js]
[vickie.local/wp-content/themes/g5plus-auteur/assets/vendors/popper/popper.min8a54.js]
[vickie.local/wp-content/themes/g5plus-auteur/assets/vendors/bootstrap-4.0.0/js/bootstrap.affix.min8a54.js]
[vickie.local/wp-content/themes/g5plus-auteur/assets/vendors/bootstrap-4.0.0/js/bootstrap.mincce7.js]
[vickie.local/wp-content/themes/g5plus-auteur/assets/vendors/owl.carousel/owl.carousel.min3601.js]
[vickie.local/wp-content/themes/g5plus-auteur/assets/vendors/isotope/isotope.pkgd.min8d18.js]
[vickie.local/wp-content/plugins/auteur-framework/libs/smart-framework/assets/vendors/perfect-scrollbar/js/perfect-scrollbar.jquery.min4991.js]
[vickie.local/wp-content/plugins/auteur-framework/libs/smart-framework/assets/vendors/magnific-popup/jquery.magnific-popup.minf488.js]
[vickie.local/wp-content/themes/g5plus-auteur/assets/vendors/jquery.cookie/jquery.cookie.min330a.js]
[vickie.local/wp-content/themes/g5plus-auteur/assets/vendors/waypoints/jquery.waypoints.minf39e.js]
[vickie.local/wp-content/plugins/auteur-framework/libs/smart-framework/assets/vendors/hc-sticky/jquery.hc-sticky.min6058.js]
[vickie.local/wp-content/themes/g5plus-auteur/assets/vendors/pretty-tabs/jquery.pretty-tabs.min5152.js]
[vickie.local/wp-content/themes/g5plus-auteur/assets/vendors/slick/js/slick.min24b2.js]
[vickie.local/wp-includes/js/comment-reply.min24b2.js]
[vickie.local/wp-content/themes/g5plus-auteur/assets/js/core.min5152.js]
[vickie.local/wp-content/themes/g5plus-auteur/assets/js/woocommerce.min5152.js]
[vickie.local/wp-content/themes/g5plus-auteur/assets/js/woocommerce-swatches.min5152.js]
[vickie.local/wp-content/themes/g5plus-auteur/assets/js/main.min5152.js]
[vickie.local/wp-includes/js/wp-embed.min24b2.js]
[vickie.local/wp-content/plugins/js_composer/assets/js/dist/js_composer_front.min40df.js]
[vickie.local/wp-content/plugins/auteur-framework/shortcodes/space/assets/js/space.min62ea.js]
[vickie.local/wp-content/plugins/auteur-framework/shortcodes/testimonials/assets/js/testimonials.min62ea.js]
[vickie.local/wp-content/plugins/the-events-calendar/common/src/resources/js/underscore-before.js]
[vickie.local/wp-includes/js/underscore.min4511.js]
[vickie.local/wp-content/plugins/the-events-calendar/common/src/resources/js/underscore-after.js]
[vickie.local/wp-includes/js/wp-util.min24b2.js]
[vickie.local/wp-content/plugins/woocommerce/assets/js/frontend/add-to-cart-variation.min7035.js]
[vickie.local/wp-content/plugins/woocommerce/assets/js/zoom/jquery.zoom.min5a35.js]
[vickie.local/wp-content/plugins/woocommerce/assets/js/photoswipe/photoswipe.min0235.js]
[vickie.local/wp-content/plugins/woocommerce/assets/js/photoswipe/photoswipe-ui-default.min0235.js]
[vickie.local/wp-content/plugins/js_composer/assets/lib/bower/flexslider/jquery.flexslider-min40df.js]
[vickie.local/index.html]
[vickie.local/wp-content/plugins/the-events-calendar/common/src/resources/css/common-skeleton.minef5f.css]
[vickie.local/wp-content/plugins/the-events-calendar/common/src/resources/css/tooltip.minef5f.css]
[vickie.local/wp-includes/css/dist/block-library/style.min24b2.css]
[vickie.local/wp-includes/css/dist/block-library/theme.min24b2.css]
[vickie.local/wp-content/plugins/woocommerce/packages/woocommerce-blocks/build/vendors-stylede39.css]
[vickie.local/wp-content/plugins/woocommerce/packages/woocommerce-blocks/build/stylede39.css]
[vickie.local/wp-content/plugins/yith-woocommerce-wishlist/assets/images/jquery.selectBox-arrow.gif]
[vickie.local/wp-content/plugins/woocommerce/assets/js/frontend/single-product.min7035.js]
[vickie.local/wp-content/plugins/yith-woocommerce-wishlist/assets/css/jquery.selectBox7359.css]
[vickie.local/wp-content/plugins/yith-woocommerce-wishlist/assets/fonts/fontawesome-webfont3e6e.eot]
[vickie.local/wp-content/plugins/yith-woocommerce-wishlist/assets/fonts/fontawesome-webfontd41d.eot]
[vickie.local/wp-content/plugins/yith-woocommerce-wishlist/assets/fonts/fontawesome-webfont3e6e.woff2]
[vickie.local/wp-content/plugins/yith-woocommerce-wishlist/assets/fonts/fontawesome-webfont3e6e.woff]
[vickie.local/wp-content/plugins/yith-woocommerce-wishlist/assets/css/font-awesome.min1849.css]
[vickie.local/wp-content/plugins/yith-woocommerce-wishlist/assets/images/jquery.selectBox-arrow.png]
[vickie.local/wp-content/plugins/yith-woocommerce-wishlist/assets/css/style9b4a.css]
[vickie.local/wp-content/plugins/auteur-framework/assets/css/admin-bar.min62ea.css]
[vickie.local/wp-content/plugins/auteur-framework/libs/smart-framework/assets/vendors/font-awesome/webfonts/fa-light-300.eot]
[vickie.local/wp-content/plugins/auteur-framework/libs/smart-framework/assets/vendors/font-awesome/webfonts/fa-light-300.woff2]
[vickie.local/wp-content/plugins/auteur-framework/libs/smart-framework/assets/vendors/font-awesome/webfonts/fa-light-300d41d.eot]
[vickie.local/wp-content/plugins/auteur-framework/libs/smart-framework/assets/vendors/font-awesome/webfonts/fa-light-300.woff]
[vickie.local/wp-content/plugins/auteur-framework/libs/smart-framework/assets/vendors/font-awesome/webfonts/fa-light-300.ttf]
[vickie.local/wp-content/plugins/auteur-framework/libs/smart-framework/assets/vendors/font-awesome/webfonts/fa-brands-400.eot]
[vickie.local/wp-content/plugins/auteur-framework/libs/smart-framework/assets/vendors/font-awesome/webfonts/fa-brands-400.woff2]
[vickie.local/wp-content/plugins/auteur-framework/libs/smart-framework/assets/vendors/font-awesome/webfonts/fa-brands-400d41d.eot]
[vickie.local/wp-content/plugins/auteur-framework/libs/smart-framework/assets/vendors/font-awesome/webfonts/fa-brands-400.woff]
[vickie.local/wp-content/plugins/auteur-framework/libs/smart-framework/assets/vendors/font-awesome/webfonts/fa-solid-900.eot]
[vickie.local/wp-content/plugins/auteur-framework/libs/smart-framework/assets/vendors/font-awesome/webfonts/fa-solid-900.woff2]
[vickie.local/wp-content/plugins/auteur-framework/libs/smart-framework/assets/vendors/font-awesome/webfonts/fa-solid-900.woff]
[vickie.local/wp-content/plugins/auteur-framework/libs/smart-framework/assets/vendors/font-awesome/webfonts/fa-solid-900.ttf]
[vickie.local/wp-content/plugins/auteur-framework/libs/smart-framework/assets/vendors/font-awesome/css/fontawesome0e7d.css]
[vickie.local/wp-content/plugins/auteur-framework/core/xmenu/assets/css/animate.min9d52.css]
[vickie.local/wp-content/plugins/contact-form-7/images/ajax-loader.gif]
[vickie.local/wp-content/plugins/contact-form-7/includes/css/styles7752.css]
[vickie.local/wp-content/plugins/g5plus-post-like/assets/vendors/ladda/ladda-themeless.min97de.css]
[vickie.local/wp-includes/fonts/dashicons7d4b.eot]
[vickie.local/wp-includes/fonts/dashicons7d4b.ttf]
[vickie.local/wp-includes/css/dashicons.min24b2.css]
[vickie.local/wp-content/plugins/post-views-counter/css/frontend9e1e.css]
[vickie.local/wp-content/plugins/revslider/public/assets/fonts/revicons/revicons90c6.woff]
[vickie.local/wp-content/plugins/revslider/public/assets/fonts/revicons/revicons90c6.ttf]
[vickie.local/wp-content/plugins/revslider/public/assets/css/openhand.cur]
[vickie.local/wp-content/plugins/revslider/public/assets/css/closedhand.cur]
[vickie.local/wp-content/plugins/revslider/public/assets/assets/gridtile.png]
[vickie.local/wp-content/plugins/revslider/public/assets/assets/gridtile_white.png]
[vickie.local/wp-content/plugins/revslider/public/assets/assets/gridtile_3x3.png]
[vickie.local/wp-content/plugins/revslider/public/assets/assets/gridtile_3x3_white.png]
[vickie.local/wp-content/plugins/revslider/public/assets/assets/coloredbg.png]
[vickie.local/wp-content/plugins/revslider/public/assets/assets/loader.gif]
[vickie.local/wp-content/plugins/revslider/public/assets/css/settings84f5.css]
[vickie.local/wp-content/plugins/woocommerce/assets/css/woocommerce-layout7035.css]
[vickie.local/wp-content/plugins/woocommerce/assets/css/woocommerce-smallscreen7035.css]
[vickie.local/wp-content/plugins/woocommerce/assets/fonts/star.eot]
[vickie.local/wp-content/plugins/woocommerce/assets/fonts/star.woff]
[vickie.local/wp-content/plugins/woocommerce/assets/fonts/star.ttf]
[vickie.local/wp-content/plugins/woocommerce/assets/fonts/WooCommerce.eot]
[vickie.local/wp-content/plugins/woocommerce/assets/fonts/WooCommerce.woff]
[vickie.local/wp-content/plugins/woocommerce/assets/fonts/WooCommerced41d.eot]
[vickie.local/wp-content/plugins/woocommerce/assets/fonts/WooCommerce.ttf]
[vickie.local/wp-content/plugins/woocommerce/assets/css/woocommerce7035.css]
[vickie.local/wp-content/plugins/yith-woocommerce-compare/assets/images/colorbox/controls.png]
[vickie.local/wp-content/plugins/yith-woocommerce-compare/assets/images/colorbox/border.png]
[vickie.local/wp-content/plugins/yith-woocommerce-compare/assets/images/colorbox/loading_background.png]
[vickie.local/wp-content/plugins/yith-woocommerce-compare/assets/images/colorbox/loading.gif]
[vickie.local/wp-content/plugins/yith-woocommerce-compare/assets/css/colorbox24b2.css]
[vickie.local/wp-content/plugins/woocommerce/assets/css/prettyPhoto24b2.css]
[vickie.local/wp-content/plugins/js_composer/assets/vc/alert.png]
[vickie.local/wp-content/plugins/js_composer/assets/vc/info.png]
[vickie.local/wp-content/plugins/js_composer/assets/vc/tick.png]
[vickie.local/wp-content/plugins/js_composer/assets/vc/exclamation.png]
[vickie.local/wp-content/plugins/js_composer/assets/images/icons/address-book.png]
[vickie.local/wp-content/plugins/js_composer/assets/images/icons/alarm-clock.png]
[vickie.local/wp-content/plugins/js_composer/assets/images/icons/anchor.png]
[vickie.local/wp-content/plugins/js_composer/assets/images/icons/application-image.png]
[vickie.local/wp-content/plugins/js_composer/assets/images/icons/arrow.png]
[vickie.local/wp-content/plugins/js_composer/assets/images/icons/asterisk.png]
[vickie.local/wp-content/plugins/js_composer/assets/images/icons/auction-hammer.png]
[vickie.local/wp-content/plugins/js_composer/assets/images/icons/balloon.png]
[vickie.local/wp-content/plugins/js_composer/assets/images/icons/balloon-buzz.png]
[vickie.local/wp-content/plugins/js_composer/assets/images/icons/balloon-facebook.png]
[vickie.local/wp-content/plugins/js_composer/assets/images/icons/balloon-twitter.png]
[vickie.local/wp-content/plugins/js_composer/assets/images/icons/battery-full.png]
[vickie.local/wp-content/plugins/js_composer/assets/images/icons/binocular.png]
[vickie.local/wp-content/plugins/js_composer/assets/images/icons/blue-document-excel.png]
[vickie.local/wp-content/plugins/js_composer/assets/images/icons/blue-document-image.png]
[vickie.local/wp-content/plugins/js_composer/assets/images/icons/blue-document-music.png]
[vickie.local/wp-content/plugins/js_composer/assets/images/icons/blue-document-office.png]
[vickie.local/wp-content/plugins/js_composer/assets/images/icons/blue-document-pdf.png]
[vickie.local/wp-content/plugins/js_composer/assets/images/icons/blue-document-powerpoint.png]
[vickie.local/wp-content/plugins/js_composer/assets/images/icons/blue-document-word.png]
[vickie.local/wp-content/plugins/js_composer/assets/images/icons/bookmark.png]
[vickie.local/wp-content/plugins/js_composer/assets/images/icons/camcorder.png]
[vickie.local/wp-content/plugins/js_composer/assets/images/icons/camera.png]
[vickie.local/wp-content/plugins/js_composer/assets/images/icons/chart.png]
[vickie.local/wp-content/plugins/js_composer/assets/images/icons/chart-pie.png]
[vickie.local/wp-content/plugins/js_composer/assets/images/icons/clock.png]
[vickie.local/wp-content/plugins/js_composer/assets/images/icons/control.png]
[vickie.local/wp-content/plugins/js_composer/assets/images/icons/fire.png]
[vickie.local/wp-content/plugins/js_composer/assets/images/icons/heart.png]
[vickie.local/wp-content/plugins/js_composer/assets/images/icons/mail.png]
[vickie.local/wp-content/plugins/js_composer/assets/images/icons/plus-shield.png]
[vickie.local/wp-content/plugins/js_composer/assets/images/icons/video.png]
[vickie.local/wp-content/plugins/js_composer/assets/fonts/vc_icons_v2/fonts/vcpb-plugin-iconsb82a.eot]
[vickie.local/wp-content/plugins/js_composer/assets/fonts/vc_icons_v2/fonts/vcpb-plugin-iconsb82a.ttf]
[vickie.local/wp-content/plugins/js_composer/assets/fonts/vc_icons_v2/fonts/vcpb-plugin-iconsb82a.woff]
[vickie.local/wp-content/plugins/js_composer/assets/images/toggle_open.png]
[vickie.local/wp-content/plugins/js_composer/assets/images/toggle_close.png]
[vickie.local/wp-content/plugins/js_composer/assets/images/flickr.png]
[vickie.local/wp-content/plugins/js_composer/assets/fonts/vc_grid/vc_grid_v157a1.eot]
[vickie.local/wp-content/plugins/js_composer/assets/fonts/vc_grid/vc_grid_v1d41d.eot]
[vickie.local/wp-content/plugins/js_composer/assets/fonts/vc_grid/vc_grid_v157a1.woff]
[vickie.local/wp-content/plugins/js_composer/assets/fonts/vc_grid/vc_grid_v157a1.ttf]
[vickie.local/wp-content/plugins/js_composer/assets/images/spinner.gif]
[vickie.local/wp-content/plugins/js_composer/assets/vc/remove.png]
[vickie.local/wp-content/plugins/js_composer/assets/css/js_composer.min40df.css]
[vickie.local/wp-content/themes/g5plus-auteur/assets/vendors/bootstrap-4.0.0/css/bootstrap.mincce7.css]
[vickie.local/wp-content/themes/g5plus-auteur/assets/vendors/bootstrap-4.0.0/css/custom-bootstrap.mincce7.css]
[vickie.local/wp-content/themes/g5plus-auteur/assets/vendors/owl.carousel/assets/owl.video.play.png]
[vickie.local/wp-content/themes/g5plus-auteur/assets/vendors/owl.carousel/assets/owl.carousel.min3601.css]
[vickie.local/wp-content/themes/g5plus-auteur/assets/vendors/owl.carousel/assets/owl.theme.default.min3601.css]
[vickie.local/wp-content/plugins/auteur-framework/libs/smart-framework/assets/vendors/perfect-scrollbar/css/perfect-scrollbar.min4991.css]
[vickie.local/wp-content/themes/g5plus-auteur/assets/css/animate.min5152.css]
[vickie.local/wp-content/themes/g5plus-auteur/assets/vendors/slick/css/slick.min24b2.css]
[vickie.local/wp-content/themes/g5plus-auteur/assets/preset/preset-03.min24b2.css]
[vickieswan.ca/wp-content/uploads/2018/11/404-backgroundf927.html]
[vickie.local/wp-includes/js/jquery/jquery4a5f.js]
[vickie.local/wp-content/themes/g5plus-auteur/assets/skin/skin-light.min24b2.css]
[vickie.local/wp-content/plugins/auteur-framework/libs/smart-framework/assets/vendors/magnific-popup/magnific-popup.minf488.css]
[vickie.local/wp-content/plugins/revslider/public/assets/js/jquery.themepunch.tools.min84f5.js]
[vickie.local/themepunch.revolution.min.e5.delayed]
[vickie.local/jquery.themepunch.revolution.min.js]
[vickie.local/jquery.themepunch.revolution.js]
[vickie.local/images/transparent.png]
[vickie.local/assets/transparent.png]
[vickie.local/wp-content/plugins/revslider/public/assets/js/jquery.themepunch.revolution.min84f5.js]
[vickie.local/wp-content/plugins/woocommerce/assets/js/jquery-blockui/jquery.blockUI.min44fd.js]
[vickie.local/wp-content/plugins/woocommerce/assets/js/frontend/add-to-cart.min7035.js]
[vickie.local/wp-content/plugins/js_composer/assets/js/vendors/woocommerce-add-to-cart40df.js]
[vickie.local/wp-content/plugins/woocommerce/assets/css/select27035.css]
[vickie.local/wp-json/wp/v2/pages/7.json]
[vickie.local/wp-json/oembed/1.0/embed6603]
[vickie.local/wp-content/plugins/woocommerce/assets/js/frontend/country-select.min7035.js]
[vickie.local/wp-content/plugins/woocommerce/assets/js/frontend/address-i18n.min7035.js]
[vickie.local/wp-content/plugins/woocommerce/assets/js/frontend/cart.min7035.js]
[vickie.local/cart/index.html]
[vickie.local/wp-content/plugins/woocommerce/assets/js/selectWoo/selectWoo.full.min0ba6.js]
[vickie.local/shop/index.html]
[vickie.local/wp-json/wp/v2/pages/9.json]
[vickie.local/wp-json/oembed/1.0/embed586f.json]
[vickie.local/my-account/index.html]
[vickieswan.ca/wp-content/uploads/2019/03/logolight.html]
[vickieswan.ca/wp-content/uploads/2019/03/logodark.html]
[vickie.local/wp-json/oembed/1.0/embed198f]
[vickie.local/wp-content/themes/g5plus-auteur/assets/preset/shop-single.min24b2.css]
[vickie.local/product/henry-the-good-dog/feed/index.html]
[vickie.local/my-account/lost-password/index.html]
[vickie.local/wp-json/wp/v2/product/645.json]
[vickie.local/wp-json/oembed/1.0/embeddb1d.json]
[vickie.local/wp-json/oembed/1.0/embedeb26]
[vickie.local/wp-content/uploads/2018/12/book-1.png]
[vickie.local/wp-content/uploads/2018/12/book-1-600x825.png]
[vickie.local/product-category/uncategorized/index.html]
[vickie.local/product/henry-the-good-dog/index70ee.html]
[vickie.local/product/henry-the-good-dog/index.html]
[vickie.local/indexa5e1.html]
[vickie.local/indexb3a5.html]
[vickie.local/product/a-poem-for-every-night/feed/index.html]
[vickie.local/wp-json/oembed/1.0/embede6ba.json]
[vickie.local/wp-content/uploads/2018/11/book-2-1.png]
[vickie.local/wp-json/oembed/1.0/embed09ed]
[vickie.local/wp-content/uploads/2018/11/book-2-1-600x825.png]
[vickie.local/product/a-poem-for-every-night/index.html]
[vickie.local/index117b.html]
[vickie.local/index1650.html]
[vickie.local/wp-content/themes/g5plus-auteur/assets/skin/skin-dark.min24b2.css]
[vickie.local/wp-content/plugins/auteur-framework/shortcodes/heading/assets/css/heading.min62ea.css]
[vickie.local/wp-content/plugins/auteur-framework/shortcodes/testimonials/assets/css/testimonials.min62ea.css]
[vickie.local/wp-content/plugins/woocommerce/assets/css/photoswipe/default-skin/default-skin.png]
[vickie.local/wp-content/plugins/woocommerce/assets/css/photoswipe/photoswipe.min7035.css]
[vickie.local/wp-content/plugins/woocommerce/assets/css/photoswipe/default-skin/default-skin.min7035.css]
[vickie.local/wp-content/plugins/woocommerce/assets/css/photoswipe/default-skin/preloader.gif]
[vickie.local/wp-content/plugins/yith-woocommerce-wishlist/assets/js/jquery.selectBox.min7359.js]
[vickie.local/wp-content/plugins/yith-woocommerce-wishlist/assets/js/jquery.yith-wcwl9b4a.js]
[vickie.local/wp-content/plugins/auteur-framework/core/xmenu/assets/js/xmenu.min62ea.js]
[vickie.local/wp-content/plugins/contact-form-7/includes/js/scripts7752.js]
[vickie.local/wp-content/plugins/g5plus-post-like/assets/vendors/ladda/spin.min97de.js]
[vickie.local/spin.js]
[vickie.local/wp-content/plugins/g5plus-post-like/assets/vendors/ladda/ladda.min97de.js]
[vickie.local/wp-content/plugins/g5plus-post-like/assets/vendors/ladda/ladda.jquery.min97de.js]
[vickie.local/wp-content/plugins/g5plus-post-like/assets/js/main.min5152.js]
[vickie.local/wp-content/plugins/woocommerce/assets/js/js-cookie/js.cookie.min6b25.js]
[vickie.local/wp-content/plugins/woocommerce/assets/js/frontend/woocommerce.min7035.js]
[vickie.local/wp-content/plugins/woocommerce/assets/js/frontend/cart-fragments.min7035.js]
[vickie.local/wp-content/plugins/yith-woocommerce-compare/assets/js/woocompare.min9e07.js]
[vickie.local/wp-content/plugins/yith-woocommerce-compare/assets/js/jquery.colorbox-min13ac.js]
[vickie.local/wp-content/plugins/woocommerce/assets/js/prettyPhoto/jquery.prettyPhoto.min005e.js]
[vickie.local/youtu.be/index.html]
[vickie.local/wp-content/themes/g5plus-auteur/assets/vendors/modernizr/modernizr3b71.js]
[vickie.local/wp-includes/js/imagesloaded.mineda1.js]
[vickie.local/wp-content/themes/g5plus-auteur/assets/vendors/jquery.easing/jquery.easing.1.34e44.js]
[vickie.local/wp-content/themes/g5plus-auteur/assets/vendors/jquery.countdown/jquery.countdown.min3601.js]
[vickie.local/wp-content/themes/g5plus-auteur/assets/vendors/popper/popper.min8a54.js]
[vickie.local/wp-content/themes/g5plus-auteur/assets/vendors/bootstrap-4.0.0/js/bootstrap.affix.min8a54.js]
[vickie.local/wp-content/themes/g5plus-auteur/assets/vendors/bootstrap-4.0.0/js/bootstrap.mincce7.js]
[vickie.local/wp-content/themes/g5plus-auteur/assets/vendors/owl.carousel/owl.carousel.min3601.js]
[vickie.local/wp-content/themes/g5plus-auteur/assets/vendors/isotope/isotope.pkgd.min8d18.js]
[vickie.local/wp-content/plugins/auteur-framework/libs/smart-framework/assets/vendors/perfect-scrollbar/js/perfect-scrollbar.jquery.min4991.js]
[vickie.local/wp-content/plugins/auteur-framework/libs/smart-framework/assets/vendors/magnific-popup/jquery.magnific-popup.minf488.js]
[vickie.local/wp-content/themes/g5plus-auteur/assets/vendors/jquery.cookie/jquery.cookie.min330a.js]
[vickie.local/wp-content/themes/g5plus-auteur/assets/vendors/waypoints/jquery.waypoints.minf39e.js]
[vickie.local/wp-content/plugins/auteur-framework/libs/smart-framework/assets/vendors/hc-sticky/jquery.hc-sticky.min6058.js]
[vickie.local/wp-content/themes/g5plus-auteur/assets/vendors/pretty-tabs/jquery.pretty-tabs.min5152.js]
[vickie.local/wp-content/themes/g5plus-auteur/assets/vendors/slick/js/slick.min24b2.js]
[vickie.local/wp-includes/js/comment-reply.min24b2.js]
[vickie.local/wp-content/themes/g5plus-auteur/assets/js/core.min5152.js]
[vickie.local/wp-content/themes/g5plus-auteur/assets/js/woocommerce.min5152.js]
[vickie.local/wp-content/themes/g5plus-auteur/assets/js/woocommerce-swatches.min5152.js]
[vickie.local/wp-content/themes/g5plus-auteur/assets/js/main.min5152.js]
[vickie.local/wp-includes/js/wp-embed.min24b2.js]
[apis.google.com/js/plusone.js]
[vickie.local/wp-content/plugins/js_composer/assets/js/dist/js_composer_front.min40df.js]
[vickie.local/wp-content/plugins/auteur-framework/shortcodes/space/assets/js/space.min62ea.js]
[vickie.local/wp-content/plugins/auteur-framework/shortcodes/testimonials/assets/js/testimonials.min62ea.js]
[vickie.local/wp-content/plugins/the-events-calendar/common/src/resources/js/underscore-before.js]
[vickie.local/wp-includes/js/underscore.min4511.js]
[vickie.local/wp-content/plugins/the-events-calendar/common/src/resources/js/underscore-after.js]
[vickie.local/wp-includes/js/wp-util.min24b2.js]
[vickie.local/wp-content/plugins/woocommerce/assets/js/frontend/add-to-cart-variation.min7035.js]
[vickie.local/wp-content/plugins/woocommerce/assets/js/zoom/jquery.zoom.min5a35.js]
[vickie.local/wp-content/plugins/woocommerce/assets/js/photoswipe/photoswipe.min0235.js]
[vickie.local/wp-content/plugins/woocommerce/assets/js/photoswipe/photoswipe-ui-default.min0235.js]
[vickie.local/wp-content/plugins/js_composer/assets/lib/bower/flexslider/jquery.flexslider-min40df.js]
[vickie.local/wp-content/plugins/woocommerce/assets/js/frontend/single-product.min7035.js]
[assets.pinterest.com/js/pinit.js]
[vickie.local/wp-content/plugins/yith-woocommerce-wishlist/assets/fonts/fontawesome-webfont3e6e.ttf]
[vickie.local/wp-content/plugins/yith-woocommerce-wishlist/assets/fonts/fontawesome-webfont3e6e.svg]
[vickie.local/wp-content/plugins/auteur-framework/libs/smart-framework/assets/vendors/font-awesome/webfonts/fa-light-300.svg]
[vickie.local/wp-content/plugins/auteur-framework/libs/smart-framework/assets/vendors/font-awesome/webfonts/fa-brands-400.ttf]
[vickie.local/wp-content/plugins/auteur-framework/libs/smart-framework/assets/vendors/font-awesome/webfonts/fa-brands-400.svg]
[vickie.local/wp-content/plugins/auteur-framework/libs/smart-framework/assets/vendors/font-awesome/webfonts/fa-solid-900d41d.eot]
[vickie.local/wp-content/plugins/revslider/public/assets/fonts/revicons/revicons90c6.eot]
[vickie.local/wp-content/plugins/revslider/public/assets/fonts/revicons/revicons90c6.svg]
[vickie.local/wp-content/plugins/woocommerce/assets/fonts/star.svg]
[vickie.local/wp-content/plugins/woocommerce/assets/fonts/WooCommerce.svg]
[vickie.local/wp-content/plugins/woocommerce/assets/images/icons/loader.svg]
[vickie.local/wp-content/plugins/woocommerce/assets/images/icons/credit-cards/mastercard.svg]
[vickie.local/wp-content/plugins/woocommerce/assets/images/icons/credit-cards/laser.svg]
[vickie.local/wp-content/plugins/woocommerce/assets/images/icons/credit-cards/diners.svg]
[vickie.local/wp-content/plugins/woocommerce/assets/images/icons/credit-cards/maestro.svg]
[vickie.local/wp-content/plugins/woocommerce/assets/images/icons/credit-cards/jcb.svg]
[vickie.local/wp-content/plugins/woocommerce/assets/images/icons/credit-cards/amex.svg]
[vickie.local/wp-content/plugins/woocommerce/assets/images/icons/credit-cards/discover.svg]
[vickie.local/wp-content/plugins/js_composer/assets/fonts/vc_icons_v2/fonts/vcpb-plugin-iconsb82a.svg]
[vickie.local/wp-content/plugins/js_composer/assets/vc/blur.svg]
[vickie.local/wp-content/plugins/js_composer/assets/fonts/vc_grid/vc_grid_v157a1.svg]
[vickie.local/wp-content/plugins/auteur-framework/libs/smart-framework/assets/vendors/magnific-popup/magnific-popup.minf488.css]
[vickie.local/wp-content/themes/g5plus-auteur/assets/skin/skin-light.min24b2.css]
[vickie.local/TweenLite.js]
[vickie.local/wp-content/plugins/revslider/public/assets/js/jquery.themepunch.tools.min84f5.js]
[vickie.local/Version/index.html]
[vickie.local/themepunch.revolution.min.html]
[vickie.local/jquery.themepunch.revolution.min.html]
[vickie.local/jquery.themepunch.revolution.html]
[vickie.local/images/transparent.html]
[vickie.local/assets/transparent.html]
[vickie.local/wp-content/plugins/woocommerce/assets/css/select27035.css]
[vickie.local/wp-content/themes/g5plus-auteur/style.min24b2.css]
[vickieswan.ca/wp-content/uploads/2018/12/footer-background688a.html]
[vickie.local/wp-json/oembed/1.0/embed2e5f]
[vickie.local/wp-content/themes/g5plus-auteur/assets/preset/shop.min24b2.css]
[vickie.local/shop/feed/index.html]
[vickie.local/shop/index3c0b.html]
[vickie.local/shop/index.html]
[vickie.local/shop/index5156.html]
[vickie.local/shop/indexa0bc.html]
[vickie.local/wp-content/plugins/woocommerce/assets/js/frontend/country-select.min7035.js]
[vickie.local/shop/index729c.html]
[vickie.local/wp-content/plugins/woocommerce/assets/js/frontend/address-i18n.min7035.js]
[vickie.local/shop/index28f0.html]
[vickie.local/shop/index6a50.html]
[vickie.local/wp-content/plugins/woocommerce/assets/js/frontend/cart.min7035.js]
[vickie.local/wp-content/plugins/woocommerce/assets/js/selectWoo/selectWoo.full.min0ba6.js]
[vickie.local/indexb5fb.html]
[vickie.local/shop/indexfccb.html]
[vickie.local/wp-includes/js/zxcvbn-async.min5152.js]
[vickie.local/wp-includes/js/dist/vendor/wp-polyfill.min89b1.js]
[vickie.local/wp-includes/js/dist/vendor/wp-polyfill-fetch.min6e0e.js]
[vickie.local/wp-includes/js/dist/vendor/wp-polyfill-node-contains.min2e00.js]
[vickie.local/wp-includes/js/dist/vendor/wp-polyfill-dom-rect.min2e00.js]
[vickie.local/wp-includes/js/dist/vendor/wp-polyfill-url.min5aed.js]
[vickie.local/wp-includes/js/dist/vendor/wp-polyfill-formdata.mine9bd.js]
[vickie.local/wp-includes/js/dist/vendor/wp-polyfill-element-closest.min4c56.js]
[vickie.local/wp-includes/js/dist/i18n.min44c1.js]
[vickie.local/wp-admin/js/password-strength-meter.min24b2.js]
[vickie.local/wp-content/plugins/woocommerce/assets/js/frontend/password-strength-meter.min7035.js]
[vickie.local/my-account/lost-password/index.html]
[vickie.local/wp-content/themes/g5plus-auteur/assets/preset/shop-single.min24b2.css]
[vickie.local/indexc725.html]
[vickieswan.ca/wp-content/uploads/2019/01/logo-black.html]
[vickie.local/wp-content/plugins/woocommerce/assets/js/frontend/lost-password.min7035.js]
[vickie.local/product-category/uncategorized/index.html]
[vickie.local/product-category/uncategorized/feed/index.html]
[vickie.local/product-category/uncategorized/index3c0b.html]
[vickie.local/product/henry-the-good-dog/index70ee.html]
[vickie.local/product-category/uncategorized/index5156.html]
[vickieswan.ca/wp-content/uploads/2018/11/payment_01.html]
[vickie.local/product-category/uncategorized/indexa0bc.html]
[vickieswan.ca/wp-content/uploads/2018/11/payment_02.html]
[vickie.local/product-category/uncategorized/index729c.html]
[vickieswan.ca/wp-content/uploads/2018/11/payment_03.html]
[vickieswan.ca/wp-content/uploads/2018/11/payment_04.html]
[vickie.local/product-category/uncategorized/index28f0.html]
[vickie.local/index4ab3.html]
[vickie.local/product-category/uncategorized/index6a50.html]
[vickie.local/wp-json/wp/v2/product/126]
[vickie.local/index117b.html]
[vickie.local/wp-content/plugins/woocommerce/assets/css/photoswipe/default-skin/default-skin.svg]
[vickie.local/spin.html]
[vickie.local/youtu.be/index.html]
[vickie.local/wp-content/plugins/auteur-framework/libs/smart-framework/assets/vendors/font-awesome/webfonts/fa-solid-900.svg]
[vickie.local/wp-content/plugins/woocommerce/assets/images/icons/credit-cards/visa.svg]
[vickie.local/TweenLite.html]
[vickie.local/Version/index.html]
[vickie.local/wp-content/themes/g5plus-auteur/style.min24b2.css]
[vickie.local/indexc4f7.html]
[vickie.local/wp-content/themes/g5plus-auteur/assets/preset/shop.min24b2.css]
[vickie.local/shop/index3c0b.html]
[vickie.local/shop/index5156.html]
[vickie.local/shop/indexa0bc.html]
[vickie.local/shop/index729c.html]
[vickie.local/shop/index28f0.html]
[vickie.local/shop/index6a50.html]
[vickie.local/shop/indexfccb.html]
[vickie.local/wp-includes/js/zxcvbn-async.min5152.js]
[vickie.local/wp-includes/js/dist/vendor/wp-polyfill.min89b1.js]
[vickie.local/shop/index00ff.html]
[vickie.local/shop/index303f.html]
[vickie.local/wp-includes/js/dist/vendor/wp-polyfill-fetch.min6e0e.js]
[vickie.local/wp-includes/js/dist/vendor/wp-polyfill-node-contains.min2e00.js]
[vickie.local/wp-includes/js/dist/vendor/wp-polyfill-dom-rect.min2e00.js]
[vickie.local/wp-includes/js/dist/vendor/wp-polyfill-url.min5aed.js]
[vickie.local/wp-includes/js/dist/vendor/wp-polyfill-formdata.mine9bd.js]
[vickie.local/wp-includes/js/dist/vendor/wp-polyfill-element-closest.min4c56.js]
[vickie.local/wp-includes/js/dist/i18n.min44c1.js]
[vickie.local/wp-admin/js/password-strength-meter.min24b2.js]
[vickie.local/wp-content/plugins/woocommerce/assets/js/frontend/password-strength-meter.min7035.js]
[vickie.local/wp-content/plugins/woocommerce/assets/js/frontend/lost-password.min7035.js]
[vickie.local/product-category/uncategorized/index3c0b.html]
[vickie.local/product-category/uncategorized/index5156.html]
[vickie.local/product-category/uncategorized/indexa0bc.html]
[vickie.local/product-category/uncategorized/index729c.html]
[vickie.local/product-category/uncategorized/index28f0.html]
[vickie.local/product-category/uncategorized/index6a50.html]
[vickie.local/wp-content/plugins/woocommerce/assets/fonts/stard41d.eot]
[vickie.local/shop/index64b2.html]
[vickie.local/shop/index5b7a.html]
[vickie.local/shop/index00ff.html]
[vickie.local/shop/index303f.html]
[vickie.local/shop/index64b2.html]
[vickie.local/shop/index5b7a.html]
[vickie.local/shop/index74de.html]
[vickie.local/shop/index4861.html]
[vickie.local/shop/index74de.html]
[vickie.local/shop/index4861.html]
